crypto: 145045 daily bars, 77 symbols, goodR base 0.505
  coverage fundingRateRaw: 95.6%
  coverage oiChangePct: 79.0%
  coverage basisPct: 72.6%

feature sets: FULL=110 (111 minus volScalarML), PRUNED=71

===== BASELINE: LGB d4 t150 × FULL =====
  AUC 0.6723 0.6704 0.6779 (mean 0.6736) | top10% 0.747 0.774 0.777 (mean 0.766)

===== PRUNED feature set (LGB d4 t150) =====
  AUC 0.6727 0.6694 0.6881 (mean 0.6767) | top10% 0.740 0.771 0.794 (mean 0.768)  Δ+0.0032

===== CONFIG CHALLENGERS (FULL) =====
  LGB d5 t300  AUC 0.6732 0.6690 0.6769 (mean 0.6730) | top10% 0.753 0.786 0.775 (mean 0.772)  Δ-0.0005
  LGB d6 t200  AUC 0.6726 0.6680 0.6811 (mean 0.6739) | top10% 0.733 0.768 0.778 (mean 0.760)  Δ+0.0003
  XGB d6 t200  AUC 0.6734 0.6696 0.6800 (mean 0.6743) | top10% 0.748 0.782 0.768 (mean 0.766)  Δ+0.0008

===== WINNER: LGB d4 t150 × FULL (mean AUC 0.6736) =====
  calibration: 156 breakpoints, floor=0.2498, cap=0.85
  reliability (calibrated bucket → realized goodR):
    [0.00,0.30): n=  6356 realized=23.7%
    [0.30,0.50): n= 32656 realized=39.4%
    [0.50,0.60): n= 23153 realized=55.9%
    [0.60,0.70): n= 15189 realized=64.1%
    [0.70,0.85): n=  9136 realized=75.9%

  wrote /Volumes/External/CryptoLens/ml-training/models_v14/ml-model-crypto.json (150 trees, lightgbm)
  staging only — re-run with --ship to install into worker + iOS
