============================================================
Horizon training — 72h target (fwdMaxFavR72H)
  CSV source: /Volumes/External/CryptoLens/ml-training/csv_exports_v14
  Output suffix: h72t25
============================================================

--- Loading Crypto ---
  AAVE: 1834 bars, goodR=52.8%
  ADA: 2372 bars, goodR=53.5%
  ALGO: 2315 bars, goodR=55.7%
  APE: 1316 bars, goodR=50.6%
  APT: 1100 bars, goodR=51.8%
  ARB: 945 bars, goodR=53.3%
  ATOM: 2369 bars, goodR=54.9%
  AVAX: 1857 bars, goodR=56.0%
  AXS: 1814 bars, goodR=54.7%
  BAND: 2227 bars, goodR=53.5%
  BAT: 2372 bars, goodR=55.1%
  BCH: 2156 bars, goodR=53.5%
  BEL: 1864 bars, goodR=53.3%
  BNB: 2372 bars, goodR=54.6%
  BTC: 2372 bars, goodR=53.0%
  COMP: 1946 bars, goodR=52.7%
  CRV: 1895 bars, goodR=57.2%
  DASH: 2372 bars, goodR=52.1%
  DOGE: 2302 bars, goodR=52.7%
  DOT: 1892 bars, goodR=53.5%
  DYDX: 1505 bars, goodR=55.7%
  EGLD: 1876 bars, goodR=53.3%
  ENJ: 2372 bars, goodR=54.2%
  ETC: 2372 bars, goodR=52.0%
  ETH: 2372 bars, goodR=53.7%
  FIL: 1834 bars, goodR=54.7%
  GALA: 1501 bars, goodR=53.8%
  GMT: 1324 bars, goodR=55.1%
  GRT: 1771 bars, goodR=55.2%
  HBAR: 2216 bars, goodR=55.2%
  ICP: 1626 bars, goodR=54.1%
  ICX: 2372 bars, goodR=57.0%
  IMX: 1382 bars, goodR=56.5%
  INJ: 1828 bars, goodR=55.5%
  IOST: 2372 bars, goodR=56.4%
  IOTA: 2372 bars, goodR=55.0%
  JUP: 631 bars, goodR=57.1%
  KAVA: 2190 bars, goodR=53.5%
  KNC: 1959 bars, goodR=54.0%
  KSM: 1875 bars, goodR=53.9%
  LDO: 1263 bars, goodR=55.5%
  LINK: 2372 bars, goodR=54.1%
  LTC: 2372 bars, goodR=53.3%
  MANA: 1904 bars, goodR=54.7%
  MATIC: 1714 bars, goodR=55.4%
  NEAR: 1835 bars, goodR=54.4%
  NEO: 2372 bars, goodR=54.7%
  OP: 1240 bars, goodR=53.6%
  PENDLE: 843 bars, goodR=56.0%
  PEPE: 902 bars, goodR=56.8%
  POL: 405 bars, goodR=54.1%
  QTUM: 2372 bars, goodR=55.9%
  RLC: 2170 bars, goodR=53.9%
  RSR: 1883 bars, goodR=59.4%
  RUNE: 1875 bars, goodR=58.5%
  SAND: 1896 bars, goodR=54.2%
  SEI: 800 bars, goodR=55.2%
  SKL: 1787 bars, goodR=55.3%
  SNX: 1932 bars, goodR=55.1%
  SOL: 1899 bars, goodR=53.8%
  STORJ: 1911 bars, goodR=54.6%
  SUI: 904 bars, goodR=56.0%
  SUSHI: 1878 bars, goodR=54.7%
  THETA: 2372 bars, goodR=53.5%
  TIA: 723 bars, goodR=53.5%
  TRB: 1881 bars, goodR=54.7%
  TRX: 2372 bars, goodR=60.0%
  UNI: 1862 bars, goodR=54.7%
  VET: 2372 bars, goodR=56.7%
  XLM: 2372 bars, goodR=53.7%
  XMR: 1511 bars, goodR=50.2%
  XRP: 2372 bars, goodR=53.9%
  XTZ: 2221 bars, goodR=52.5%
  YFI: 1900 bars, goodR=50.9%
  ZEC: 2372 bars, goodR=52.5%
  ZIL: 2372 bars, goodR=56.6%
  ZRX: 2372 bars, goodR=56.2%
  total: 145045 bars, goodR=54.5%

  Model: LightGBM d4 t150
  walk-forward CV (capturing out-of-fold predictions):
    fold 1: train=58018, val=21708, acc=60.4%, p_mean=0.590, p_max=0.870
    fold 2: train=79774, val=21709, acc=64.8%, p_mean=0.537, p_max=0.905
    fold 3: train=101531, val=43466, acc=64.9%, p_mean=0.547, p_max=0.878
  total OOF samples: 86883
  calibration floor (Wilson LB, bottom decile): 0.2842

  Crypto calibration breakpoints (raw -> calibrated):
    0.1166 -> 0.2842
    0.1293 -> 0.2842
    0.1294 -> 0.2842
    0.1456 -> 0.2842
    0.1462 -> 0.2842
    0.1591 -> 0.2842
    0.1593 -> 0.2842
    0.1634 -> 0.2842
    0.1635 -> 0.2842
    0.1649 -> 0.2842
    0.1650 -> 0.2842
    0.1693 -> 0.2842
    0.1694 -> 0.2842
    0.2927 -> 0.2842
    0.2927 -> 0.2842
    0.3136 -> 0.2842
    0.3136 -> 0.2842
    0.3159 -> 0.2842
    0.3159 -> 0.3213
    0.3331 -> 0.3213
    0.3331 -> 0.3245
    0.3584 -> 0.3245
    0.3584 -> 0.3387
    0.3591 -> 0.3387
    0.3592 -> 0.3427
    0.3612 -> 0.3427
    0.3612 -> 0.3444
    0.3772 -> 0.3444
    0.3772 -> 0.3473
    0.3788 -> 0.3473
    0.3788 -> 0.3562
    0.3949 -> 0.3562
    0.3949 -> 0.3620
    0.4007 -> 0.3620
    0.4007 -> 0.3658
    0.4062 -> 0.3658
    0.4062 -> 0.3697
    0.4071 -> 0.3697
    0.4071 -> 0.3825
    0.4187 -> 0.3825
    0.4187 -> 0.3939
    0.4204 -> 0.3939
    0.4205 -> 0.3973
    0.4299 -> 0.3973
    0.4299 -> 0.4094
    0.4453 -> 0.4094
    0.4453 -> 0.4134
    0.4642 -> 0.4134
    0.4642 -> 0.4138
    0.4651 -> 0.4138
    0.4651 -> 0.4324
    0.4689 -> 0.4324
    0.4689 -> 0.4490
    0.4858 -> 0.4490
    0.4858 -> 0.4511
    0.5020 -> 0.4511
    0.5020 -> 0.4614
    0.5039 -> 0.4614
    0.5039 -> 0.4654
    0.5123 -> 0.4654
    0.5123 -> 0.4769
    0.5148 -> 0.4769
    0.5148 -> 0.4902
    0.5219 -> 0.4902
    0.5219 -> 0.5000
    0.5220 -> 0.5000
    0.5220 -> 0.5015
    0.5279 -> 0.5015
    0.5279 -> 0.5184
    0.5343 -> 0.5184
    0.5343 -> 0.5259
    0.5424 -> 0.5259
    0.5424 -> 0.5325
    0.5427 -> 0.5325
    0.5427 -> 0.5357
    0.5561 -> 0.5357
    0.5561 -> 0.5365
    0.5599 -> 0.5365
    0.5599 -> 0.5481
    0.5634 -> 0.5481
    0.5634 -> 0.5579
    0.5666 -> 0.5579
    0.5666 -> 0.5711
    0.5690 -> 0.5711
    0.5690 -> 0.5719
    0.5868 -> 0.5719
    0.5868 -> 0.5833
    0.5920 -> 0.5833
    0.5920 -> 0.5985
    0.6062 -> 0.5985
    0.6062 -> 0.6096
    0.6074 -> 0.6096
    0.6074 -> 0.6113
    0.6089 -> 0.6113
    0.6089 -> 0.6129
    0.6094 -> 0.6129
    0.6094 -> 0.6132
    0.6099 -> 0.6132
    0.6099 -> 0.6376
    0.6162 -> 0.6376
    0.6162 -> 0.6402
    0.6361 -> 0.6402
    0.6361 -> 0.6439
    0.6411 -> 0.6439
    0.6411 -> 0.6464
    0.6490 -> 0.6464
    0.6490 -> 0.6522
    0.6491 -> 0.6522
    0.6491 -> 0.6524
    0.6523 -> 0.6524
    0.6523 -> 0.6559
    0.6577 -> 0.6559
    0.6577 -> 0.6667
    0.6577 -> 0.6667
    0.6577 -> 0.6825
    0.6586 -> 0.6825
    0.6586 -> 0.6918
    0.6771 -> 0.6918
    0.6771 -> 0.6972
    0.6788 -> 0.6972
    0.6789 -> 0.7091
    0.7002 -> 0.7091
    0.7003 -> 0.7164
    0.7073 -> 0.7164
    0.7073 -> 0.7373
    0.7130 -> 0.7373
    0.7130 -> 0.7402
    0.7145 -> 0.7402
    0.7145 -> 0.7432
    0.7208 -> 0.7432
    0.7209 -> 0.7457
    0.7321 -> 0.7457
    0.7321 -> 0.7621
    0.7427 -> 0.7621
    0.7427 -> 0.7746
    0.7520 -> 0.7746
    0.7520 -> 0.7777
    0.7619 -> 0.7777
    0.7619 -> 0.7990
    0.7741 -> 0.7990
    0.7741 -> 0.8145
    0.7842 -> 0.8145
    0.7843 -> 0.8276
    0.7854 -> 0.8276
    0.7854 -> 0.8289
    0.7861 -> 0.8289
    0.7861 -> 0.8297
    0.7886 -> 0.8297
    0.7886 -> 0.8347
    0.7983 -> 0.8347
    0.7983 -> 0.8500
    0.8131 -> 0.8500
    0.8131 -> 0.8500
    0.8134 -> 0.8500
    0.8134 -> 0.8500
    0.8190 -> 0.8500
    0.8190 -> 0.8500
    0.8318 -> 0.8500
    0.8318 -> 0.8500
    0.8395 -> 0.8500
    0.8396 -> 0.8500
    0.8418 -> 0.8500
    0.8419 -> 0.8500
    0.8552 -> 0.8500
    0.8555 -> 0.8500
    0.8714 -> 0.8500
    0.8719 -> 0.8500
    0.9053 -> 0.8500

  Crypto raw distribution:    mean=0.555 median=0.561 p90=0.738 max=0.905
  Crypto mapped distribution: mean=0.551 median=0.548 p90=0.762 max=0.850
  Crypto actual goodR rate:   55.1%
  reliability check (mapped prob bucket -> actual win rate):
    [0.00, 0.30): n= 5113, actual=26.8%
    [0.30, 0.50): n=29725, actual=40.9%
    [0.50, 0.60): n=18364, actual=55.4%
    [0.60, 0.70): n=14986, actual=65.6%
    [0.70, 0.85): n=16638, actual=75.5%
  wrote /Volumes/External/CryptoLens/marketscope-worker/src/ml-model-crypto-h72t25.json (150 trees, lightgbm, 168 cal breakpoints)
