[backtest] 159 symbol(s), concurrency=3
[backtest] window: 2020-01-01 → 2026-06-30
[backtest] out: /Volumes/External/CryptoLens/ml-training/csv_exports_v14_stocks
[backtest] global context fetched in 0.6s (incl. 8 sector ETFs)
[ABNB] ✓ 2269 rows → /Volumes/External/CryptoLens/ml-training/csv_exports_v14_stocks/ABNB.csv (93.0s)
[AAPL] ✓ 3248 rows → /Volumes/External/CryptoLens/ml-training/csv_exports_v14_stocks/AAPL.csv (484.3s)
[ABBV] ✓ 3247 rows → /Volumes/External/CryptoLens/ml-training/csv_exports_v14_stocks/ABBV.csv (484.3s)
[ABT] ✓ 3248 rows → /Volumes/External/CryptoLens/ml-training/csv_exports_v14_stocks/ABT.csv (586.9s)
[AIG] ✓ 3238 rows → /Volumes/External/CryptoLens/ml-training/csv_exports_v14_stocks/AIG.csv (740.0s)
[ADBE] ✓ 3247 rows → /Volumes/External/CryptoLens/ml-training/csv_exports_v14_stocks/ADBE.csv (740.1s)
[AMAT] ✓ 3248 rows → /Volumes/External/CryptoLens/ml-training/csv_exports_v14_stocks/AMAT.csv (745.2s)
[AMD] ✓ 3248 rows → /Volumes/External/CryptoLens/ml-training/csv_exports_v14_stocks/AMD.csv (547.7s)
[AMGN] ✓ 3245 rows → /Volumes/External/CryptoLens/ml-training/csv_exports_v14_stocks/AMGN.csv (547.8s)

> backtest
> tsx scripts/backtest.ts --symbols AAPL,ABBV,ABNB,ABT,ADBE,AIG,AMAT,AMD,AMGN,AMT,AMZN,AVGO,AXP,BA,BAC,BIIB,BKNG,BLK,BMY,BSX,BYND,C,CAT,CCI,CHTR,CMCSA,CME,CMG,COF,COIN,COP,COST,CRM,CRWD,CSCO,CVS,CVX,DAL,DASH,DDOG,DE,DHR,DIA,DIS,ELV,EMR,EOG,EQIX,ETN,F,FANG,FDX,FTNT,GD,GE,GILD,GLD,GM,GME,GOOGL,GS,HD,HLT,HON,HYG,ICE,INTC,INTU,ISRG,ITW,IWM,JNJ,JPM,KLAC,LLY,LMT,LOW,LRCX,MA,MAR,MCD,MCHP,MDB,MDT,META,MGM,MMM,MRK,MRVL,MS,MSFT,MU,NET,NFLX,NKE,NOC,NOW,NVDA,O,ON,ORCL,OXY,PANW,PFE,PH,PLD,PLTR,PNC,PSA,PSX,PYPL,QCOM,QQQ,RBLX,REGN,ROKU,RTX,SBUX,SCHW,SHOP,SLB,SNAP,SNOW,SPG,SPOT,SPY,SYK,T,TEAM,TGT,TJX,TLT,TMO,TMUS,TSLA,TXN,UBER,UNH,UNP,USB,V,VLO,VRTX,VXX,VZ,WDAY,WFC,WMT,XLC,XLE,XLF,XLI,XLK,XLP,XLU,XLV,XLY,XOM,ZS --start 2020-01-01 --end 2026-06-30 --out /Volumes/External/CryptoLens/ml-training/csv_exports_v14_stocks --concurrency 3

[backtest] 159 symbol(s), concurrency=3
[backtest] window: 2020-01-01 → 2026-06-30
[backtest] out: /Volumes/External/CryptoLens/ml-training/csv_exports_v14_stocks
[backtest] resume: skipping 9 symbol(s) already present (use --no-resume to force re-run)
[backtest] global context fetched in 0.6s (incl. 8 sector ETFs)
[AMZN] ✓ 3248 rows → /Volumes/External/CryptoLens/ml-training/csv_exports_v14_stocks/AMZN.csv (162.2s)
[AVGO] ✓ 3247 rows → /Volumes/External/CryptoLens/ml-training/csv_exports_v14_stocks/AVGO.csv (614.5s)
[AMT] ✓ 3247 rows → /Volumes/External/CryptoLens/ml-training/csv_exports_v14_stocks/AMT.csv (614.6s)
[AXP] ✓ 3247 rows → /Volumes/External/CryptoLens/ml-training/csv_exports_v14_stocks/AXP.csv (637.3s)
[BA] ✓ 3248 rows → /Volumes/External/CryptoLens/ml-training/csv_exports_v14_stocks/BA.csv (527.9s)
[BAC] ✓ 3247 rows → /Volumes/External/CryptoLens/ml-training/csv_exports_v14_stocks/BAC.csv (527.9s)
[BIIB] ✓ 3240 rows → /Volumes/External/CryptoLens/ml-training/csv_exports_v14_stocks/BIIB.csv (903.5s)
[BLK] ✓ 3248 rows → /Volumes/External/CryptoLens/ml-training/csv_exports_v14_stocks/BLK.csv (992.5s)
[BKNG] ✓ 3243 rows → /Volumes/External/CryptoLens/ml-training/csv_exports_v14_stocks/BKNG.csv (992.6s)
[BSX] ✓ 3243 rows → /Volumes/External/CryptoLens/ml-training/csv_exports_v14_stocks/BSX.csv (383.7s)
[BMY] ✓ 3244 rows → /Volumes/External/CryptoLens/ml-training/csv_exports_v14_stocks/BMY.csv (815.8s)
[BYND] ✓ 3087 rows → /Volumes/External/CryptoLens/ml-training/csv_exports_v14_stocks/BYND.csv (496.3s)
[C] ✓ 3247 rows → /Volumes/External/CryptoLens/ml-training/csv_exports_v14_stocks/C.csv (513.8s)
[CAT] ✓ 3248 rows → /Volumes/External/CryptoLens/ml-training/csv_exports_v14_stocks/CAT.csv (513.8s)
[CCI] ✓ 3247 rows → /Volumes/External/CryptoLens/ml-training/csv_exports_v14_stocks/CCI.csv (620.2s)
[CHTR] ✓ 3248 rows → /Volumes/External/CryptoLens/ml-training/csv_exports_v14_stocks/CHTR.csv (507.9s)
[CMCSA] ✓ 3248 rows → /Volumes/External/CryptoLens/ml-training/csv_exports_v14_stocks/CMCSA.csv (507.9s)
[CME] ✓ 3244 rows → /Volumes/External/CryptoLens/ml-training/csv_exports_v14_stocks/CME.csv (518.2s)
[COF] ✓ 3248 rows → /Volumes/External/CryptoLens/ml-training/csv_exports_v14_stocks/COF.csv (523.6s)
[CMG] ✓ 3248 rows → /Volumes/External/CryptoLens/ml-training/csv_exports_v14_stocks/CMG.csv (523.6s)
[COIN] ✓ 2106 rows → /Volumes/External/CryptoLens/ml-training/csv_exports_v14_stocks/COIN.csv (391.0s)
[COST] ✓ 3247 rows → /Volumes/External/CryptoLens/ml-training/csv_exports_v14_stocks/COST.csv (504.7s)
[COP] ✓ 3244 rows → /Volumes/External/CryptoLens/ml-training/csv_exports_v14_stocks/COP.csv (504.8s)
[CRM] ✓ 3247 rows → /Volumes/External/CryptoLens/ml-training/csv_exports_v14_stocks/CRM.csv (702.1s)
[CSCO] ✓ 3248 rows → /Volumes/External/CryptoLens/ml-training/csv_exports_v14_stocks/CSCO.csv (638.2s)
[CRWD] ✓ 3028 rows → /Volumes/External/CryptoLens/ml-training/csv_exports_v14_stocks/CRWD.csv (646.5s)
[CVX] ✓ 3248 rows → /Volumes/External/CryptoLens/ml-training/csv_exports_v14_stocks/CVX.csv (421.8s)
[CVS] ✓ 3245 rows → /Volumes/External/CryptoLens/ml-training/csv_exports_v14_stocks/CVS.csv (766.1s)
[DAL] ✓ 3247 rows → /Volumes/External/CryptoLens/ml-training/csv_exports_v14_stocks/DAL.csv (558.9s)
[DASH] ✓ 2273 rows → /Volumes/External/CryptoLens/ml-training/csv_exports_v14_stocks/DASH.csv (352.2s)
[DDOG] ✓ 2866 rows → /Volumes/External/CryptoLens/ml-training/csv_exports_v14_stocks/DDOG.csv (352.2s)
[DHR] ✓ 3248 rows → /Volumes/External/CryptoLens/ml-training/csv_exports_v14_stocks/DHR.csv (455.0s)
[DE] ✓ 3247 rows → /Volumes/External/CryptoLens/ml-training/csv_exports_v14_stocks/DE.csv (661.7s)
[DIA] ✓ 2992 rows → /Volumes/External/CryptoLens/ml-training/csv_exports_v14_stocks/DIA.csv (580.6s)
[ELV] ✓ 1724 rows → /Volumes/External/CryptoLens/ml-training/csv_exports_v14_stocks/ELV.csv (283.3s)
[DIS] ✓ 3248 rows → /Volumes/External/CryptoLens/ml-training/csv_exports_v14_stocks/DIS.csv (283.5s)
[EMR] ✓ 3240 rows → /Volumes/External/CryptoLens/ml-training/csv_exports_v14_stocks/EMR.csv (343.8s)
[ETN] ✗ fetch failed (137.1s)
[ETN] Yahoo 1H failed (fetch failed) — falling back to D1 only
[EOG] ✓ 3244 rows → /Volumes/External/CryptoLens/ml-training/csv_exports_v14_stocks/EOG.csv (473.0s)
[EQIX] ✓ 3247 rows → /Volumes/External/CryptoLens/ml-training/csv_exports_v14_stocks/EQIX.csv (475.0s)
[F] ✓ 3247 rows → /Volumes/External/CryptoLens/ml-training/csv_exports_v14_stocks/F.csv (303.8s)
[FANG] ✓ 3237 rows → /Volumes/External/CryptoLens/ml-training/csv_exports_v14_stocks/FANG.csv (337.2s)
[FTNT] Yahoo 1H failed (fetch failed) — falling back to D1 only
[FTNT] ✗ fetch failed (379.1s)
[FDX] ✓ 3247 rows → /Volumes/External/CryptoLens/ml-training/csv_exports_v14_stocks/FDX.csv (556.1s)
[GD] ✓ 3244 rows → /Volumes/External/CryptoLens/ml-training/csv_exports_v14_stocks/GD.csv (395.6s)
[GE] ✓ 3248 rows → /Volumes/External/CryptoLens/ml-training/csv_exports_v14_stocks/GE.csv (403.7s)
[GLD] ✓ 2984 rows → /Volumes/External/CryptoLens/ml-training/csv_exports_v14_stocks/GLD.csv (468.2s)
[GILD] ✓ 3245 rows → /Volumes/External/CryptoLens/ml-training/csv_exports_v14_stocks/GILD.csv (642.8s)
[GM] ✓ 3248 rows → /Volumes/External/CryptoLens/ml-training/csv_exports_v14_stocks/GM.csv (410.2s)
[GOOGL] ✓ 3246 rows → /Volumes/External/CryptoLens/ml-training/csv_exports_v14_stocks/GOOGL.csv (521.7s)
[GME] ✓ 3247 rows → /Volumes/External/CryptoLens/ml-training/csv_exports_v14_stocks/GME.csv (564.5s)
[HLT] ✗ fetch failed (164.5s)
[HLT] Yahoo 1H failed (fetch failed) — falling back to D1 only
[GS] ✓ 3247 rows → /Volumes/External/CryptoLens/ml-training/csv_exports_v14_stocks/GS.csv (583.2s)
[HD] ✓ 3247 rows → /Volumes/External/CryptoLens/ml-training/csv_exports_v14_stocks/HD.csv (440.4s)
[HYG] ✓ 2980 rows → /Volumes/External/CryptoLens/ml-training/csv_exports_v14_stocks/HYG.csv (463.6s)
[HON] ✓ 3247 rows → /Volumes/External/CryptoLens/ml-training/csv_exports_v14_stocks/HON.csv (719.1s)
[INTC] ✓ 3248 rows → /Volumes/External/CryptoLens/ml-training/csv_exports_v14_stocks/INTC.csv (738.4s)
[ICE] ✓ 3245 rows → /Volumes/External/CryptoLens/ml-training/csv_exports_v14_stocks/ICE.csv (969.0s)
[INTU] ✓ 3245 rows → /Volumes/External/CryptoLens/ml-training/csv_exports_v14_stocks/INTU.csv (796.1s)
[ITW] ✓ 3243 rows → /Volumes/External/CryptoLens/ml-training/csv_exports_v14_stocks/ITW.csv (788.0s)
[ISRG] ✓ 3248 rows → /Volumes/External/CryptoLens/ml-training/csv_exports_v14_stocks/ISRG.csv (788.1s)
[IWM] ✓ 2978 rows → /Volumes/External/CryptoLens/ml-training/csv_exports_v14_stocks/IWM.csv (715.1s)
[JPM] ✓ 3247 rows → /Volumes/External/CryptoLens/ml-training/csv_exports_v14_stocks/JPM.csv (833.2s)
[JNJ] ✓ 3247 rows → /Volumes/External/CryptoLens/ml-training/csv_exports_v14_stocks/JNJ.csv (836.6s)
[LLY] ✓ 3243 rows → /Volumes/External/CryptoLens/ml-training/csv_exports_v14_stocks/LLY.csv (432.6s)
[KLAC] ✓ 3247 rows → /Volumes/External/CryptoLens/ml-training/csv_exports_v14_stocks/KLAC.csv (1025.6s)
[LMT] ✓ 3247 rows → /Volumes/External/CryptoLens/ml-training/csv_exports_v14_stocks/LMT.csv (693.8s)
[LOW] ✓ 3247 rows → /Volumes/External/CryptoLens/ml-training/csv_exports_v14_stocks/LOW.csv (871.9s)
[LRCX] ✓ 3248 rows → /Volumes/External/CryptoLens/ml-training/csv_exports_v14_stocks/LRCX.csv (872.0s)
[MA] ✓ 3247 rows → /Volumes/External/CryptoLens/ml-training/csv_exports_v14_stocks/MA.csv (855.4s)
[MCD] ✓ 3248 rows → /Volumes/External/CryptoLens/ml-training/csv_exports_v14_stocks/MCD.csv (744.5s)
[MAR] ✓ 3248 rows → /Volumes/External/CryptoLens/ml-training/csv_exports_v14_stocks/MAR.csv (744.6s)
[MCHP] ✓ 3248 rows → /Volumes/External/CryptoLens/ml-training/csv_exports_v14_stocks/MCHP.csv (670.8s)
[MDT] ✓ 3244 rows → /Volumes/External/CryptoLens/ml-training/csv_exports_v14_stocks/MDT.csv (881.9s)
[META] ✓ 3248 rows → /Volumes/External/CryptoLens/ml-training/csv_exports_v14_stocks/META.csv (707.6s)
[MDB] ✓ 3245 rows → /Volumes/External/CryptoLens/ml-training/csv_exports_v14_stocks/MDB.csv (881.9s)
[MMM] ✓ 3247 rows → /Volumes/External/CryptoLens/ml-training/csv_exports_v14_stocks/MMM.csv (490.7s)
[MRK] ✓ 3243 rows → /Volumes/External/CryptoLens/ml-training/csv_exports_v14_stocks/MRK.csv (493.5s)
[MGM] ✓ 3248 rows → /Volumes/External/CryptoLens/ml-training/csv_exports_v14_stocks/MGM.csv (493.5s)
[MRVL] ✓ 3247 rows → /Volumes/External/CryptoLens/ml-training/csv_exports_v14_stocks/MRVL.csv (140.6s)
[MSFT] ✓ 3248 rows → /Volumes/External/CryptoLens/ml-training/csv_exports_v14_stocks/MSFT.csv (441.6s)
[MS] ✓ 3247 rows → /Volumes/External/CryptoLens/ml-training/csv_exports_v14_stocks/MS.csv (441.6s)
[MU] ✓ 3248 rows → /Volumes/External/CryptoLens/ml-training/csv_exports_v14_stocks/MU.csv (472.6s)
[NET] ✓ 2895 rows → /Volumes/External/CryptoLens/ml-training/csv_exports_v14_stocks/NET.csv (452.6s)
[NFLX] ✓ 3248 rows → /Volumes/External/CryptoLens/ml-training/csv_exports_v14_stocks/NFLX.csv (452.7s)
[NKE] ✓ 3247 rows → /Volumes/External/CryptoLens/ml-training/csv_exports_v14_stocks/NKE.csv (422.1s)
[NOW] ✓ 3247 rows → /Volumes/External/CryptoLens/ml-training/csv_exports_v14_stocks/NOW.csv (516.9s)
[NOC] ✓ 3244 rows → /Volumes/External/CryptoLens/ml-training/csv_exports_v14_stocks/NOC.csv (517.0s)
[O] ✓ 3244 rows → /Volumes/External/CryptoLens/ml-training/csv_exports_v14_stocks/O.csv (447.1s)
[NVDA] ✓ 3247 rows → /Volumes/External/CryptoLens/ml-training/csv_exports_v14_stocks/NVDA.csv (825.9s)
[ON] ✓ 3248 rows → /Volumes/External/CryptoLens/ml-training/csv_exports_v14_stocks/ON.csv (641.1s)
[ORCL] ✓ 3248 rows → /Volumes/External/CryptoLens/ml-training/csv_exports_v14_stocks/ORCL.csv (686.5s)
[OXY] ✓ 3248 rows → /Volumes/External/CryptoLens/ml-training/csv_exports_v14_stocks/OXY.csv (686.4s)
[PH] Yahoo 1H failed (fetch failed) — falling back to D1 only
[PH] ✗ fetch failed (258.8s)
[PFE] ✗ fetch failed (258.9s)
[PFE] Yahoo 1H failed (fetch failed) — falling back to D1 only
[PANW] ✓ 3247 rows → /Volumes/External/CryptoLens/ml-training/csv_exports_v14_stocks/PANW.csv (751.3s)

> backtest
> tsx scripts/backtest.ts --symbols AAPL,ABBV,ABNB,ABT,ADBE,AIG,AMAT,AMD,AMGN,AMT,AMZN,AVGO,AXP,BA,BAC,BIIB,BKNG,BLK,BMY,BSX,BYND,C,CAT,CCI,CHTR,CMCSA,CME,CMG,COF,COIN,COP,COST,CRM,CRWD,CSCO,CVS,CVX,DAL,DASH,DDOG,DE,DHR,DIA,DIS,ELV,EMR,EOG,EQIX,ETN,F,FANG,FDX,FTNT,GD,GE,GILD,GLD,GM,GME,GOOGL,GS,HD,HLT,HON,HYG,ICE,INTC,INTU,ISRG,ITW,IWM,JNJ,JPM,KLAC,LLY,LMT,LOW,LRCX,MA,MAR,MCD,MCHP,MDB,MDT,META,MGM,MMM,MRK,MRVL,MS,MSFT,MU,NET,NFLX,NKE,NOC,NOW,NVDA,O,ON,ORCL,OXY,PANW,PFE,PH,PLD,PLTR,PNC,PSA,PSX,PYPL,QCOM,QQQ,RBLX,REGN,ROKU,RTX,SBUX,SCHW,SHOP,SLB,SNAP,SNOW,SPG,SPOT,SPY,SYK,T,TEAM,TGT,TJX,TLT,TMO,TMUS,TSLA,TXN,UBER,UNH,UNP,USB,V,VLO,VRTX,VXX,VZ,WDAY,WFC,WMT,XLC,XLE,XLF,XLI,XLK,XLP,XLU,XLV,XLY,XOM,ZS --start 2020-01-01 --end 2026-06-30 --out ../ml-training/csv_exports_v14_stocks --concurrency 3

[backtest] 159 symbol(s), concurrency=3
[backtest] window: 2020-01-01 → 2026-06-30
[backtest] out: /Volumes/External/CryptoLens/ml-training/csv_exports_v14_stocks
[backtest] resume: skipping 100 symbol(s) already present (use --no-resume to force re-run)
[backtest] global context fetched in 0.5s (incl. 8 sector ETFs)
[HLT] ✓ 3248 rows → /Volumes/External/CryptoLens/ml-training/csv_exports_v14_stocks/HLT.csv (444.3s)
[FTNT] ✓ 3247 rows → /Volumes/External/CryptoLens/ml-training/csv_exports_v14_stocks/FTNT.csv (444.4s)
[ETN] ✓ 3242 rows → /Volumes/External/CryptoLens/ml-training/csv_exports_v14_stocks/ETN.csv (651.6s)
[PH] ✓ 3247 rows → /Volumes/External/CryptoLens/ml-training/csv_exports_v14_stocks/PH.csv (539.3s)
[PFE] ✓ 3247 rows → /Volumes/External/CryptoLens/ml-training/csv_exports_v14_stocks/PFE.csv (539.4s)
[PLD] ✓ 3248 rows → /Volumes/External/CryptoLens/ml-training/csv_exports_v14_stocks/PLD.csv (514.2s)
[PNC] ✓ 3244 rows → /Volumes/External/CryptoLens/ml-training/csv_exports_v14_stocks/PNC.csv (433.3s)
[PLTR] ✓ 2373 rows → /Volumes/External/CryptoLens/ml-training/csv_exports_v14_stocks/PLTR.csv (433.4s)
[PSA] ✓ 3245 rows → /Volumes/External/CryptoLens/ml-training/csv_exports_v14_stocks/PSA.csv (467.4s)
[PYPL] ✓ 3248 rows → /Volumes/External/CryptoLens/ml-training/csv_exports_v14_stocks/PYPL.csv (576.9s)
[PSX] ✓ 3239 rows → /Volumes/External/CryptoLens/ml-training/csv_exports_v14_stocks/PSX.csv (577.0s)
[QCOM] ✓ 3247 rows → /Volumes/External/CryptoLens/ml-training/csv_exports_v14_stocks/QCOM.csv (532.1s)
[RBLX] ✓ 2149 rows → /Volumes/External/CryptoLens/ml-training/csv_exports_v14_stocks/RBLX.csv (498.9s)
[REGN] ✓ 3246 rows → /Volumes/External/CryptoLens/ml-training/csv_exports_v14_stocks/REGN.csv (327.6s)
[QQQ] ✓ 2984 rows → /Volumes/External/CryptoLens/ml-training/csv_exports_v14_stocks/QQQ.csv (499.0s)
[RTX] ✓ 2867 rows → /Volumes/External/CryptoLens/ml-training/csv_exports_v14_stocks/RTX.csv (101.4s)
[ROKU] ✓ 3248 rows → /Volumes/External/CryptoLens/ml-training/csv_exports_v14_stocks/ROKU.csv (505.0s)
[SBUX] ✓ 3247 rows → /Volumes/External/CryptoLens/ml-training/csv_exports_v14_stocks/SBUX.csv (505.0s)
[SLB] ✓ 3244 rows → /Volumes/External/CryptoLens/ml-training/csv_exports_v14_stocks/SLB.csv (275.7s)
[SCHW] ✓ 3244 rows → /Volumes/External/CryptoLens/ml-training/csv_exports_v14_stocks/SCHW.csv (679.4s)
[SHOP] ✓ 3248 rows → /Volumes/External/CryptoLens/ml-training/csv_exports_v14_stocks/SHOP.csv (447.1s)
[SNOW] ✓ 2390 rows → /Volumes/External/CryptoLens/ml-training/csv_exports_v14_stocks/SNOW.csv (481.6s)
[SNAP] ✓ 3247 rows → /Volumes/External/CryptoLens/ml-training/csv_exports_v14_stocks/SNAP.csv (481.7s)
[SPY] ✓ 2983 rows → /Volumes/External/CryptoLens/ml-training/csv_exports_v14_stocks/SPY.csv (335.0s)
[SPG] ✓ 3244 rows → /Volumes/External/CryptoLens/ml-training/csv_exports_v14_stocks/SPG.csv (645.4s)
[SPOT] ✓ 3247 rows → /Volumes/External/CryptoLens/ml-training/csv_exports_v14_stocks/SPOT.csv (527.7s)
[SYK] ✓ 3247 rows → /Volumes/External/CryptoLens/ml-training/csv_exports_v14_stocks/SYK.csv (566.7s)
[T] ✓ 3244 rows → /Volumes/External/CryptoLens/ml-training/csv_exports_v14_stocks/T.csv (566.7s)
[TEAM] ✓ 3248 rows → /Volumes/External/CryptoLens/ml-training/csv_exports_v14_stocks/TEAM.csv (621.2s)
[TJX] ✓ 3245 rows → /Volumes/External/CryptoLens/ml-training/csv_exports_v14_stocks/TJX.csv (638.8s)
[TGT] ✓ 3247 rows → /Volumes/External/CryptoLens/ml-training/csv_exports_v14_stocks/TGT.csv (638.8s)
[TLT] ✓ 2981 rows → /Volumes/External/CryptoLens/ml-training/csv_exports_v14_stocks/TLT.csv (557.6s)
[TMO] ✓ 3247 rows → /Volumes/External/CryptoLens/ml-training/csv_exports_v14_stocks/TMO.csv (513.4s)
[TMUS] ✓ 3244 rows → /Volumes/External/CryptoLens/ml-training/csv_exports_v14_stocks/TMUS.csv (513.4s)
[TSLA] ✓ 3248 rows → /Volumes/External/CryptoLens/ml-training/csv_exports_v14_stocks/TSLA.csv (597.1s)
[UBER] ✓ 3074 rows → /Volumes/External/CryptoLens/ml-training/csv_exports_v14_stocks/UBER.csv (566.2s)
[TXN] ✓ 3247 rows → /Volumes/External/CryptoLens/ml-training/csv_exports_v14_stocks/TXN.csv (566.2s)
[UNH] ✓ 3247 rows → /Volumes/External/CryptoLens/ml-training/csv_exports_v14_stocks/UNH.csv (459.2s)
[USB] ✓ 3245 rows → /Volumes/External/CryptoLens/ml-training/csv_exports_v14_stocks/USB.csv (479.6s)
[UNP] ✓ 3247 rows → /Volumes/External/CryptoLens/ml-training/csv_exports_v14_stocks/UNP.csv (520.3s)
[V] ✓ 3247 rows → /Volumes/External/CryptoLens/ml-training/csv_exports_v14_stocks/V.csv (524.3s)
[VRTX] ✓ 3244 rows → /Volumes/External/CryptoLens/ml-training/csv_exports_v14_stocks/VRTX.csv (417.0s)
[VLO] ✓ 3244 rows → /Volumes/External/CryptoLens/ml-training/csv_exports_v14_stocks/VLO.csv (457.7s)
[VXX] ✓ 2974 rows → /Volumes/External/CryptoLens/ml-training/csv_exports_v14_stocks/VXX.csv (450.8s)
[VZ] ✓ 3247 rows → /Volumes/External/CryptoLens/ml-training/csv_exports_v14_stocks/VZ.csv (569.0s)
[WDAY] ✓ 3245 rows → /Volumes/External/CryptoLens/ml-training/csv_exports_v14_stocks/WDAY.csv (569.0s)
[WFC] ✓ 3247 rows → /Volumes/External/CryptoLens/ml-training/csv_exports_v14_stocks/WFC.csv (525.8s)
[XLC] ✓ 2978 rows → /Volumes/External/CryptoLens/ml-training/csv_exports_v14_stocks/XLC.csv (470.9s)
[WMT] ✓ 3248 rows → /Volumes/External/CryptoLens/ml-training/csv_exports_v14_stocks/WMT.csv (471.0s)
[XLE] ✓ 2984 rows → /Volumes/External/CryptoLens/ml-training/csv_exports_v14_stocks/XLE.csv (496.8s)
[XLI] ✓ 2980 rows → /Volumes/External/CryptoLens/ml-training/csv_exports_v14_stocks/XLI.csv (417.8s)
[XLF] ✓ 2983 rows → /Volumes/External/CryptoLens/ml-training/csv_exports_v14_stocks/XLF.csv (417.9s)
[XLK] ✓ 2983 rows → /Volumes/External/CryptoLens/ml-training/csv_exports_v14_stocks/XLK.csv (366.6s)
[XLU] ✓ 2979 rows → /Volumes/External/CryptoLens/ml-training/csv_exports_v14_stocks/XLU.csv (394.3s)
[XLP] ✓ 2979 rows → /Volumes/External/CryptoLens/ml-training/csv_exports_v14_stocks/XLP.csv (394.3s)
[XLV] ✓ 2979 rows → /Volumes/External/CryptoLens/ml-training/csv_exports_v14_stocks/XLV.csv (409.4s)
[XLY] ✓ 2979 rows → /Volumes/External/CryptoLens/ml-training/csv_exports_v14_stocks/XLY.csv (245.5s)
[XOM] ✓ 3247 rows → /Volumes/External/CryptoLens/ml-training/csv_exports_v14_stocks/XOM.csv (393.1s)
[ZS] ✓ 3247 rows → /Volumes/External/CryptoLens/ml-training/csv_exports_v14_stocks/ZS.csv (427.7s)

[backtest] 59/59 succeeded in 9719.4s
