Whale backfill: ADAUSDT, XRPUSDT, SOLUSDT | 2024-07-01 → 2026-07-03 | >= $100,000 | out: /Volumes/External/CryptoLens/ml-training/whale_backfill
  ADAUSDT: 20 days processed (through 2024-07-20)
  ADAUSDT: 40 days processed (through 2024-08-09)
  ADAUSDT: 60 days processed (through 2024-08-29)
  ADAUSDT: 80 days processed (through 2024-09-18)
  ADAUSDT: 100 days processed (through 2024-10-08)
  ADAUSDT: 120 days processed (through 2024-10-28)
  ADAUSDT: 140 days processed (through 2024-11-17)
  ADAUSDT: 160 days processed (through 2024-12-07)
  ADAUSDT: 180 days processed (through 2024-12-27)
  ADAUSDT: 200 days processed (through 2025-01-16)
  ADAUSDT: 220 days processed (through 2025-02-05)
  ADAUSDT: 240 days processed (through 2025-02-25)
  ADAUSDT: 260 days processed (through 2025-03-17)
  ADAUSDT: 280 days processed (through 2025-04-06)
  ADAUSDT: 300 days processed (through 2025-04-26)
  ADAUSDT: 320 days processed (through 2025-05-16)
  ADAUSDT: 340 days processed (through 2025-06-05)
  ADAUSDT: 360 days processed (through 2025-06-25)
  ADAUSDT: 380 days processed (through 2025-07-15)
  ADAUSDT: 400 days processed (through 2025-08-04)
  ADAUSDT: 420 days processed (through 2025-08-24)
  ADAUSDT: 440 days processed (through 2025-09-13)
  ADAUSDT: 460 days processed (through 2025-10-03)
  ADAUSDT: 480 days processed (through 2025-10-23)
  ADAUSDT: 500 days processed (through 2025-11-12)
  ADAUSDT: 520 days processed (through 2025-12-02)
  ADAUSDT: 540 days processed (through 2025-12-22)
  ADAUSDT: 560 days processed (through 2026-01-11)
  ADAUSDT: 580 days processed (through 2026-01-31)
  ADAUSDT: 600 days processed (through 2026-02-20)
  ADAUSDT: 620 days processed (through 2026-03-12)
  ADAUSDT: 640 days processed (through 2026-04-01)
  ADAUSDT: 660 days processed (through 2026-04-21)
  ADAUSDT: 680 days processed (through 2026-05-11)
  ADAUSDT: 700 days processed (through 2026-05-31)
  ADAUSDT: 720 days processed (through 2026-06-20)
ADAUSDT: done (733 days processed, 0 skipped)
  XRPUSDT: 20 days processed (through 2024-07-20)
  XRPUSDT: 40 days processed (through 2024-08-09)
  XRPUSDT: 60 days processed (through 2024-08-29)
  XRPUSDT: 80 days processed (through 2024-09-18)
  XRPUSDT: 100 days processed (through 2024-10-08)
  XRPUSDT: 120 days processed (through 2024-10-28)
  XRPUSDT: 140 days processed (through 2024-11-17)
  XRPUSDT: 160 days processed (through 2024-12-07)
  XRPUSDT: 180 days processed (through 2024-12-27)
  XRPUSDT: 200 days processed (through 2025-01-16)
  XRPUSDT: 220 days processed (through 2025-02-05)
  XRPUSDT: 240 days processed (through 2025-02-25)
  XRPUSDT: 260 days processed (through 2025-03-17)
  XRPUSDT: 280 days processed (through 2025-04-06)
  XRPUSDT: 300 days processed (through 2025-04-26)
  XRPUSDT: 320 days processed (through 2025-05-16)
  XRPUSDT: 340 days processed (through 2025-06-05)
  XRPUSDT: 360 days processed (through 2025-06-25)
  XRPUSDT: 380 days processed (through 2025-07-15)
  XRPUSDT: 400 days processed (through 2025-08-04)
  XRPUSDT: 420 days processed (through 2025-08-24)
  XRPUSDT: 440 days processed (through 2025-09-13)
  XRPUSDT: 460 days processed (through 2025-10-03)
  XRPUSDT: 480 days processed (through 2025-10-23)
  XRPUSDT: 500 days processed (through 2025-11-12)
  XRPUSDT: 520 days processed (through 2025-12-02)
  XRPUSDT: 540 days processed (through 2025-12-22)
  XRPUSDT: 560 days processed (through 2026-01-11)
  XRPUSDT: 580 days processed (through 2026-01-31)
  XRPUSDT: 600 days processed (through 2026-02-20)
  XRPUSDT: 620 days processed (through 2026-03-12)
  XRPUSDT: 640 days processed (through 2026-04-01)
  XRPUSDT: 660 days processed (through 2026-04-21)
  XRPUSDT: 680 days processed (through 2026-05-11)
  XRPUSDT: 700 days processed (through 2026-05-31)
  XRPUSDT: 720 days processed (through 2026-06-20)
XRPUSDT: done (733 days processed, 0 skipped)
  SOLUSDT: 20 days processed (through 2024-07-20)
  SOLUSDT: 40 days processed (through 2024-08-09)
  SOLUSDT: 60 days processed (through 2024-08-29)
  SOLUSDT: 80 days processed (through 2024-09-18)
  SOLUSDT: 100 days processed (through 2024-10-08)
  SOLUSDT: 120 days processed (through 2024-10-28)
  SOLUSDT: 140 days processed (through 2024-11-17)
  SOLUSDT: 160 days processed (through 2024-12-07)
  SOLUSDT: 180 days processed (through 2024-12-27)
  SOLUSDT: 200 days processed (through 2025-01-16)
  SOLUSDT: 220 days processed (through 2025-02-05)
  SOLUSDT: 240 days processed (through 2025-02-25)
  SOLUSDT: 260 days processed (through 2025-03-17)
  SOLUSDT: 280 days processed (through 2025-04-06)
  SOLUSDT: 300 days processed (through 2025-04-26)
  SOLUSDT: 320 days processed (through 2025-05-16)
  SOLUSDT: 340 days processed (through 2025-06-05)
  SOLUSDT: 360 days processed (through 2025-06-25)
  SOLUSDT: 380 days processed (through 2025-07-15)
  SOLUSDT: 400 days processed (through 2025-08-04)
  SOLUSDT: 420 days processed (through 2025-08-24)
  SOLUSDT: 440 days processed (through 2025-09-13)
  SOLUSDT: 460 days processed (through 2025-10-03)
  SOLUSDT: 480 days processed (through 2025-10-23)
  SOLUSDT: 500 days processed (through 2025-11-12)
  SOLUSDT: 520 days processed (through 2025-12-02)
  SOLUSDT: 540 days processed (through 2025-12-22)
  SOLUSDT: 560 days processed (through 2026-01-11)
  SOLUSDT: 580 days processed (through 2026-01-31)
  SOLUSDT: 600 days processed (through 2026-02-20)
  SOLUSDT: 620 days processed (through 2026-03-12)
  SOLUSDT: 640 days processed (through 2026-04-01)
  SOLUSDT: 660 days processed (through 2026-04-21)
  SOLUSDT: 680 days processed (through 2026-05-11)
  SOLUSDT: 700 days processed (through 2026-05-31)
  SOLUSDT: 720 days processed (through 2026-06-20)
SOLUSDT: done (733 days processed, 0 skipped)
