Whale backfill: BTCUSDT, ETHUSDT | 2024-07-01 → 2026-07-03 | >= $100,000 | out: /Volumes/External/CryptoLens/ml-training/whale_backfill
  BTCUSDT: 20 days processed (through 2024-07-20)
  BTCUSDT: 40 days processed (through 2024-08-09)
  BTCUSDT: 60 days processed (through 2024-08-29)
  BTCUSDT: 80 days processed (through 2024-09-18)
  BTCUSDT: 100 days processed (through 2024-10-08)
  BTCUSDT: 120 days processed (through 2024-10-28)
  BTCUSDT: 140 days processed (through 2024-11-17)
  BTCUSDT: 160 days processed (through 2024-12-07)
  BTCUSDT: 180 days processed (through 2024-12-27)
  BTCUSDT: 200 days processed (through 2025-01-16)
  BTCUSDT: 220 days processed (through 2025-02-05)
  BTCUSDT: 240 days processed (through 2025-02-25)
  BTCUSDT: 260 days processed (through 2025-03-17)
  BTCUSDT: 280 days processed (through 2025-04-06)
  BTCUSDT: 300 days processed (through 2025-04-26)
  BTCUSDT: 320 days processed (through 2025-05-16)
  BTCUSDT: 340 days processed (through 2025-06-05)
  BTCUSDT: 360 days processed (through 2025-06-25)
  BTCUSDT: 380 days processed (through 2025-07-15)
  BTCUSDT: 400 days processed (through 2025-08-04)
  BTCUSDT: 420 days processed (through 2025-08-24)
  BTCUSDT: 440 days processed (through 2025-09-13)
  BTCUSDT: 460 days processed (through 2025-10-03)
  BTCUSDT: 480 days processed (through 2025-10-23)
  BTCUSDT: 500 days processed (through 2025-11-12)
  BTCUSDT: 520 days processed (through 2025-12-02)
  BTCUSDT: 540 days processed (through 2025-12-22)
  BTCUSDT: 560 days processed (through 2026-01-11)
  BTCUSDT: 580 days processed (through 2026-01-31)
  BTCUSDT: 600 days processed (through 2026-02-20)
  BTCUSDT: 620 days processed (through 2026-03-12)
  BTCUSDT: 640 days processed (through 2026-04-01)
  BTCUSDT: 660 days processed (through 2026-04-21)
  BTCUSDT: 680 days processed (through 2026-05-11)
  BTCUSDT: 700 days processed (through 2026-05-31)
  BTCUSDT: 720 days processed (through 2026-06-20)
BTCUSDT: done (733 days processed, 0 skipped)
  ETHUSDT: 20 days processed (through 2024-07-20)
  ETHUSDT: 40 days processed (through 2024-08-09)
  ETHUSDT: 60 days processed (through 2024-08-29)
  ETHUSDT: 80 days processed (through 2024-09-18)
  ETHUSDT: 100 days processed (through 2024-10-08)
  ETHUSDT: 120 days processed (through 2024-10-28)
  ETHUSDT: 140 days processed (through 2024-11-17)
  ETHUSDT: 160 days processed (through 2024-12-07)
  ETHUSDT: 180 days processed (through 2024-12-27)
  ETHUSDT: 200 days processed (through 2025-01-16)
  ETHUSDT: 220 days processed (through 2025-02-05)
  ETHUSDT: 240 days processed (through 2025-02-25)
  ETHUSDT: 260 days processed (through 2025-03-17)
  ETHUSDT: 280 days processed (through 2025-04-06)
  ETHUSDT: 300 days processed (through 2025-04-26)
  ETHUSDT: 320 days processed (through 2025-05-16)
  ETHUSDT: 340 days processed (through 2025-06-05)
  ETHUSDT: 360 days processed (through 2025-06-25)
  ETHUSDT: 380 days processed (through 2025-07-15)
  ETHUSDT: 400 days processed (through 2025-08-04)
Whale backfill: BTCUSDT, ETHUSDT | 2024-07-01 → 2026-07-03 | >= $100,000 | out: /Volumes/External/CryptoLens/ml-training/whale_backfill
BTCUSDT: done (0 days processed, 733 skipped)
  ETHUSDT: 20 days processed (through 2025-09-03)
  ETHUSDT: 40 days processed (through 2025-09-23)
  ETHUSDT: 60 days processed (through 2025-10-13)
  ETHUSDT: 80 days processed (through 2025-11-02)
  ETHUSDT: 100 days processed (through 2025-11-22)
  ETHUSDT: 120 days processed (through 2025-12-12)
  ETHUSDT: 140 days processed (through 2026-01-01)
  ETHUSDT: 160 days processed (through 2026-01-21)
  ETHUSDT: 180 days processed (through 2026-02-10)
  ETHUSDT: 200 days processed (through 2026-03-02)
  ETHUSDT: 220 days processed (through 2026-03-22)
  ETHUSDT: 240 days processed (through 2026-04-11)
  ETHUSDT: 260 days processed (through 2026-05-01)
  ETHUSDT: 280 days processed (through 2026-05-21)
  ETHUSDT: 300 days processed (through 2026-06-10)
  ETHUSDT: 320 days processed (through 2026-06-30)
ETHUSDT: done (323 days processed, 410 skipped)
