Loading + joining…
  ADAUSDT: 4186 joined bars (2024-07-03 → 2026-05-31)
  BTCUSDT: 4187 joined bars (2024-07-03 → 2026-05-31)
  ETHUSDT: 4187 joined bars (2024-07-03 → 2026-05-31)
  SOLUSDT: 4187 joined bars (2024-07-03 → 2026-05-31)
  XRPUSDT: 4187 joined bars (2024-07-03 → 2026-05-31)

Total: 20934 bars, 5 symbols | goodR base 0.521 | tail4 base 0.071

=== Univariate whale-feature AUC vs targets (0.5 = nothing) ===
  wImb               goodR 0.4966 (0.0034 from chance) | tail4 0.4995 (0.0005)
  wImb24h            goodR 0.4980 (0.0020 from chance) | tail4 0.4835 (0.0165)
  wVolZ              goodR 0.5322 (0.0322 from chance) | tail4 0.5115 (0.0115)
  wCntZ              goodR 0.5347 (0.0347 from chance) | tail4 0.5105 (0.0105)
  wImbD6             goodR 0.4832 (0.0168 from chance) | tail4 0.4842 (0.0158)
  wBuyShareVsWeek    goodR 0.4788 (0.0212 from chance) | tail4 0.4867 (0.0133)

=== Walk-forward, all 4h bars — target goodR ===
fold  AUC base  AUC +whale  Δ AUC    top10% base  top10% +wh  base rate n      
1     0.6396    0.6383      -0.0013  0.764        0.761       0.548     3140   
2     0.7001    0.7007      +0.0005  0.758        0.736       0.540     3140   
3     0.6606    0.6589      -0.0017  0.710        0.717       0.480     3140   
4     0.6530    0.6498      -0.0032  0.834        0.818       0.554     3145   
mean Δ AUC -0.0014 | mean Δ top-decile -0.0088 | positive in 1/4 folds

=== Walk-forward, all 4h bars — target tail4 ===
fold  AUC base  AUC +whale  Δ AUC    top10% base  top10% +wh  base rate n      
1     0.6307    0.6309      +0.0002  0.146        0.146       0.079     3140   
2     0.7057    0.6897      -0.0160  0.175        0.159       0.058     3140   
3     0.5762    0.5800      +0.0038  0.111        0.118       0.078     3140   
4     0.6586    0.6833      +0.0247  0.089        0.099       0.048     3145   
mean Δ AUC +0.0032 | mean Δ top-decile +0.0000 | positive in 3/4 folds

Daily-downsampled: 3490 bars

=== Walk-forward, daily downsample — target goodR ===
fold  AUC base  AUC +whale  Δ AUC    top10% base  top10% +wh  base rate n      
1     0.6251    0.6361      +0.0110  0.750        0.750       0.537     520    
2     0.6527    0.6624      +0.0097  0.635        0.654       0.550     525    
3     0.6551    0.6581      +0.0030  0.654        0.712       0.470     525    
4     0.6343    0.6235      -0.0108  0.712        0.692       0.573     525    
mean Δ AUC +0.0032 | mean Δ top-decile +0.0144 | positive in 3/4 folds

=== Walk-forward, daily downsample — target tail4 ===
fold  AUC base  AUC +whale  Δ AUC    top10% base  top10% +wh  base rate n      
1     0.6725    0.5909      -0.0816  0.096        0.115       0.067     520    
2     0.6468    0.6459      -0.0010  0.115        0.154       0.061     525    
3     0.6644    0.6627      -0.0017  0.173        0.154       0.070     525    
4     0.7217    0.7199      -0.0019  0.019        0.038       0.032     525    
mean Δ AUC -0.0215 | mean Δ top-decile +0.0144 | positive in 0/4 folds

=== Gain importance (goodR, full-fit diagnostic only) ===
  whale share of total gain: 0.9% (6/117 features = 5.1% of columns)
  wBuyShareVsWeek    rank 37/117
  wImb24h            rank 41/117
  wImbD6             rank 44/117
  wVolZ              rank 63/117
  wCntZ              rank 64/117
  wImb               rank 75/117

=== Gain importance (tail4, full-fit diagnostic only) ===
  whale share of total gain: 1.9% (6/117 features = 5.1% of columns)
  wImb24h            rank 29/117
  wBuyShareVsWeek    rank 35/117
  wVolZ              rank 45/117
  wCntZ              rank 54/117
  wImbD6             rank 57/117
  wImb               rank 70/117

Verdict guide: whale features EARN a place only if Δ AUC > 0 in (nearly) all folds on BOTH samplings, with top-decile precision not degraded. Otherwise → graveyard.
